// Vitest Snapshot v1, https://vitest.dev/guide/snapshot.html

exports[`Footer Component > renders correctly 1`] = `
<v-footer
  class="text-center d-flex flex-column"
>
  <div>
    
    <v-btn
      class="mx-4"
      icon="mdi-web"
      variant="text"
    />
    <v-btn
      class="mx-4"
      icon="mdi-linkedin"
      variant="text"
    />
    <v-btn
      class="mx-4"
      icon="mdi-github"
      variant="text"
    />
    
  </div>
  <v-divider />
  <div
    class="copyright"
  >
    2023 â€” 
    <strong>
      Muhammad Arslan
    </strong>
  </div>
</v-footer>
`;
